// Jest Snapshot v1, https://goo.gl/fbAQLP

exports[`Pruebas CounterApp CounterApp debe hacer match con el snapshot 1`] = `
<div>
  <h1>
    No se ha proporcionado un t√≠tulo
  </h1>
  <h2
    data-testid="valueCounter"
  >
    100
  </h2>
  <button>
    +1
  </button>
  <button
    aria-label="btn-reset"
  >
    Reset
  </button>
  <button>
    -1
  </button>
</div>
`;
