// Jest Snapshot v1, https://goo.gl/fbAQLP

exports[`Pruebas en FirstApp Debe hacer match con el snapshot 1`] = `
<div>
  <h1>
    Presentación:
  </h1>
  <h1>
    Hola soy Cesar
  </h1>
  <p>
    Sin subtítulo
  </p>
</div>
`;
